
============================================================
STEP 1: Collecting v3 training data (richer features)
============================================================
[CardDB] Oracle cards not found at E:\vscode ai project\mtg-sim\ml\mtg-meta-analyzer\data\rules_reference\scryfall_oracle_cards.json
  [29 cards not in local DB, fetching from Scryfall: ['Champion of the Parish', 'Deafening Silence', 'Stony Silence']...]
  Loaded: 60 main | 15 sideboard
Collecting 20000 games (1333/archetype), per-turn snapshots...

  dimir reanimator               1333g  win%=21.9%  snapshots=5,717
  lotus combo                    1333g  win%=17.5%  snapshots=11,434
  dimir tempo                    1333g  win%=84.6%  snapshots=17,151
  cephalid breakfast             1333g  win%=33.3%  snapshots=22,868
  eldrazi stompy                 1333g  win%=66.7%  snapshots=28,585
  sneak and show                 1333g  win%=64.4%  snapshots=34,302
  mono red painter               1333g  win%=58.2%  snapshots=40,019
  doomsday                       1333g  win%=37.6%  snapshots=45,736
  izzet delver                   1333g  win%=84.5%  snapshots=51,410
  death and taxes                1333g  win%=88.5%  snapshots=57,107
  bant nadu                      1333g  win%=69.5%  snapshots=62,804
  four-color                     1333g  win%=88.2%  snapshots=68,500
  jeskai control                 1333g  win%=99.1%  snapshots=74,194
  mono red aggro                 1333g  win%=53.0%  snapshots=79,916
  mono red prison                1333g  win%=81.8%  snapshots=85,611

Total: 85,611 samples from 20000 games
Feature dimension: 43
Win rate: 60.8%
Saved to data/win_prob_training_v3.json

Training on 85,611 samples...

Training gbm on 68,488 samples...
  Accuracy:  0.7774
  ROC-AUC:   0.8516  (1.0 = perfect, 0.5 = random)
  Brier:     0.1522  (0.0 = perfect calibration)
  Train/Test: 68,488 / 17,123

  Top 15 features:
    opp_avg_kill                                  0.6438  ████████████████████████████████████████████████████████████████████████████████████████████████████████████████████████████████
    turn                                          0.0923  ██████████████████
    total_power                                   0.0706  ██████████████
    hand_creatures                                0.0506  ██████████
    dmg_by_t4                                     0.0282  █████
    dmg_by_t3                                     0.0229  ████
    damage_dealt                                  0.0152  ███
    vs_jeskai_control                             0.0092  █
    dmg_by_t2                                     0.0086  █
    has_guide_of_souls                            0.0077  █
    creatures_in_play                             0.0072  █
    avg_creatures_per_turn                        0.0053  █
    hand_size                                     0.0053  █
    hand_lands                                    0.0039  
    has_champion_of_the_parish                    0.0034  

Saved to data/win_prob_model_v3.pkl

Saved to data/win_prob_model_v2.pkl
Step 1 complete.

All steps complete.
