Field: top 15 LEGACY archetypes

Legacy Humans vs Dimir Reanimator (300 games)...
[CardDB] Loading 162MB oracle database...
[CardDB] 37,112 cards indexed
[CardDB] 75,499 rulings loaded
  [29 cards loaded from local DB — no network calls]
  Loaded: 60 main | 15 sideboard
  ✓ Tac guide: Boros Energy Modern
  ✓ Tac guide: Dashboard
  ✓ Tac guide: Dashboard
  ✓ Tac guide: Izzet Prowess - Standard
  ✓ Tac guide: Dashboard
  ✓ Tac guide: Legacy Humans
  [No playbook for Dimir Reanimator — trying stub deck]
  A: Legacy Humans (60 cards, APL: Legacy Humans)
  B: Dimir Reanimator (62 cards, APL: Dimir Reanimator)
  Result: Legacy Humans wins 99.7%  (299/300)  avg T8.5

Legacy Humans vs Lotus Combo (300 games)...
  [29 cards loaded from local DB — no network calls]
  Loaded: 60 main | 15 sideboard
  ✓ Tac guide: Boros Energy Modern
  ✓ Tac guide: Dashboard
  ✓ Tac guide: Dashboard
  ✓ Tac guide: Izzet Prowess - Standard
  ✓ Tac guide: Dashboard
  ✓ Tac guide: Legacy Humans
  [No playbook for Lotus Combo — trying stub deck]
  A: Legacy Humans (60 cards, APL: Legacy Humans)
  B: Lotus Combo (62 cards, APL: Lotus Combo)
  Result: Legacy Humans wins 98.7%  (296/300)  avg T10.3

Legacy Humans vs Dimir Tempo (300 games)...
  [29 cards loaded from local DB — no network calls]
  Loaded: 60 main | 15 sideboard
  ✓ Tac guide: Boros Energy Modern
  ✓ Tac guide: Dashboard
  ✓ Tac guide: Dashboard
  ✓ Tac guide: Izzet Prowess - Standard
  ✓ Tac guide: Dashboard
  ✓ Tac guide: Legacy Humans
  [No playbook for Dimir Tempo — trying stub deck]
  A: Legacy Humans (60 cards, APL: Legacy Humans)
  B: Dimir Tempo (60 cards, APL: Dimir Tempo)
  Result: Legacy Humans wins 87.0%  (261/300)  avg T10.9

Legacy Humans vs Cephalid Breakfast (300 games)...
  [29 cards loaded from local DB — no network calls]
  Loaded: 60 main | 15 sideboard
  ✓ Tac guide: Boros Energy Modern
  ✓ Tac guide: Dashboard
  ✓ Tac guide: Dashboard
  ✓ Tac guide: Izzet Prowess - Standard
  ✓ Tac guide: Dashboard
  ✓ Tac guide: Legacy Humans
  [No playbook for Cephalid Breakfast — trying stub deck]
