Field: top 15 LEGACY archetypes

Legacy Humans vs Dimir Reanimator (300 games)...
[CardDB] Loading 162MB oracle database...
[CardDB] 37,112 cards indexed
[CardDB] 75,499 rulings loaded
  [29 cards loaded from local DB — no network calls]
  Loaded: 60 main | 15 sideboard
  ✓ Tac guide: Boros Energy Modern
  ✓ Tac guide: Dashboard
  ✓ Tac guide: Dashboard
  ✓ Tac guide: Izzet Prowess - Standard
  ✓ Tac guide: Dashboard
  ✓ Tac guide: Legacy Humans
  [No playbook for Dimir Reanimator — trying stub deck]
  A: Legacy Humans (60 cards, APL: Legacy Humans)
  B: Dimir Reanimator (62 cards, APL: Dimir Reanimator)
  Result: Legacy Humans wins 99.7%  (299/300)  avg T8.5

Legacy Humans vs Lotus Combo (300 games)...
  [29 cards loaded from local DB — no network calls]
  Loaded: 60 main | 15 sideboard
  ✓ Tac guide: Boros Energy Modern
  ✓ Tac guide: Dashboard
  ✓ Tac guide: Dashboard
  ✓ Tac guide: Izzet Prowess - Standard
  ✓ Tac guide: Dashboard
  ✓ Tac guide: Legacy Humans
  [No playbook for Lotus Combo — trying stub deck]
  A: Legacy Humans (60 cards, APL: Legacy Humans)
  B: Lotus Combo (62 cards, APL: Lotus Combo)
  Result: Legacy Humans wins 98.7%  (296/300)  avg T10.3

Legacy Humans vs Dimir Tempo (300 games)...
  [29 cards loaded from local DB — no network calls]
  Loaded: 60 main | 15 sideboard
  ✓ Tac guide: Boros Energy Modern
  ✓ Tac guide: Dashboard
  ✓ Tac guide: Dashboard
  ✓ Tac guide: Izzet Prowess - Standard
  ✓ Tac guide: Dashboard
  ✓ Tac guide: Legacy Humans
  [No playbook for Dimir Tempo — trying stub deck]
  A: Legacy Humans (60 cards, APL: Legacy Humans)
  B: Dimir Tempo (60 cards, APL: Dimir Tempo)
  Result: Legacy Humans wins 87.0%  (261/300)  avg T10.9

Legacy Humans vs Cephalid Breakfast (300 games)...
  [29 cards loaded from local DB — no network calls]
  Loaded: 60 main | 15 sideboard
  ✓ Tac guide: Boros Energy Modern
  ✓ Tac guide: Dashboard
  ✓ Tac guide: Dashboard
  ✓ Tac guide: Izzet Prowess - Standard
  ✓ Tac guide: Dashboard
  ✓ Tac guide: Legacy Humans
  [No playbook for Cephalid Breakfast — trying stub deck]
  A: Legacy Humans (60 cards, APL: Legacy Humans)
  B: Cephalid Breakfast (58 cards, APL: Cephalid Breakfast)
  Result: Legacy Humans wins 100.0%  (300/300)  avg T9.6

Legacy Humans vs Eldrazi Stompy (300 games)...
  [29 cards loaded from local DB — no network calls]
  Loaded: 60 main | 15 sideboard
  ✓ Tac guide: Boros Energy Modern
  ✓ Tac guide: Dashboard
  ✓ Tac guide: Dashboard
  ✓ Tac guide: Izzet Prowess - Standard
  ✓ Tac guide: Dashboard
  ✓ Tac guide: Legacy Humans
  [No playbook for Eldrazi Stompy — trying stub deck]
  A: Legacy Humans (60 cards, APL: Legacy Humans)
  B: Eldrazi Stompy (56 cards, APL: Eldrazi Stompy)
  Result: Legacy Humans wins 33.0%  (99/300)  avg T10.6

Legacy Humans vs Sneak And Show (300 games)...
  [29 cards loaded from local DB — no network calls]
  Loaded: 60 main | 15 sideboard
  ✓ Tac guide: Boros Energy Modern
  ✓ Tac guide: Dashboard
  ✓ Tac guide: Dashboard
  ✓ Tac guide: Izzet Prowess - Standard
  ✓ Tac guide: Dashboard
  ✓ Tac guide: Legacy Humans
  [No playbook for Sneak And Show — trying stub deck]
  A: Legacy Humans (60 cards, APL: Legacy Humans)
  B: Sneak And Show (56 cards, APL: Sneak And Show)
  Result: Legacy Humans wins 99.0%  (297/300)  avg T8.4

Legacy Humans vs Mono Red Painter (300 games)...
  [29 cards loaded from local DB — no network calls]
  Loaded: 60 main | 15 sideboard
  ✓ Tac guide: Boros Energy Modern
  ✓ Tac guide: Dashboard
  ✓ Tac guide: Dashboard
  ✓ Tac guide: Izzet Prowess - Standard
  ✓ Tac guide: Dashboard
  ✓ Tac guide: Legacy Humans
  [No playbook for Mono Red Painter — trying stub deck]
  A: Legacy Humans (60 cards, APL: Legacy Humans)
  B: Mono Red Painter (56 cards, APL: Mono Red Painter)
  Result: Legacy Humans wins 86.7%  (260/300)  avg T11.6

Legacy Humans vs Doomsday (300 games)...
  [29 cards loaded from local DB — no network calls]
  Loaded: 60 main | 15 sideboard
  ✓ Tac guide: Boros Energy Modern
  ✓ Tac guide: Dashboard
  ✓ Tac guide: Dashboard
  ✓ Tac guide: Izzet Prowess - Standard
  ✓ Tac guide: Dashboard
  ✓ Tac guide: Legacy Humans
  [No playbook for Doomsday — trying stub deck]
  A: Legacy Humans (60 cards, APL: Legacy Humans)
  B: Doomsday (56 cards, APL: Doomsday)
  Result: Legacy Humans wins 95.7%  (287/300)  avg T11.0

Legacy Humans vs Izzet Delver (300 games)...
  [29 cards loaded from local DB — no network calls]
  Loaded: 60 main | 15 sideboard
  ✓ Tac guide: Boros Energy Modern
  ✓ Tac guide: Dashboard
  ✓ Tac guide: Dashboard
  ✓ Tac guide: Izzet Prowess - Standard
  ✓ Tac guide: Dashboard
  ✓ Tac guide: Legacy Humans
  [No playbook for Izzet Delver — trying stub deck]
  A: Legacy Humans (60 cards, APL: Legacy Humans)
  B: Izzet Delver (56 cards, APL: Izzet Delver)
  Result: Legacy Humans wins 90.3%  (271/300)  avg T11.0

Legacy Humans vs Death And Taxes (300 games)...
  [29 cards loaded from local DB — no network calls]
  Loaded: 60 main | 15 sideboard
  ✓ Tac guide: Boros Energy Modern
  ✓ Tac guide: Dashboard
  ✓ Tac guide: Dashboard
  ✓ Tac guide: Izzet Prowess - Standard
  ✓ Tac guide: Dashboard
  ✓ Tac guide: Legacy Humans
  [No playbook for Death And Taxes — trying stub deck]
  A: Legacy Humans (60 cards, APL: Legacy Humans)
  B: Death And Taxes (56 cards, APL: Death And Taxes)
  Result: Legacy Humans wins 75.0%  (225/300)  avg T12.8

Legacy Humans vs Bant Nadu (300 games)...
  [29 cards loaded from local DB — no network calls]
  Loaded: 60 main | 15 sideboard
  ✓ Tac guide: Boros Energy Modern
  ✓ Tac guide: Dashboard
  ✓ Tac guide: Dashboard
  ✓ Tac guide: Izzet Prowess - Standard
  ✓ Tac guide: Dashboard
  ✓ Tac guide: Legacy Humans
  [No playbook for Bant Nadu — trying stub deck]
  A: Legacy Humans (60 cards, APL: Legacy Humans)
  B: Bant Nadu (58 cards, APL: Bant Nadu)
  Result: Legacy Humans wins 100.0%  (300/300)  avg T9.6

Legacy Humans vs Four-Color (300 games)...
  [29 cards loaded from local DB — no network calls]
  Loaded: 60 main | 15 sideboard
  ✓ Tac guide: Boros Energy Modern
  ✓ Tac guide: Dashboard
  ✓ Tac guide: Dashboard
  ✓ Tac guide: Izzet Prowess - Standard
  ✓ Tac guide: Dashboard
  ✓ Tac guide: Legacy Humans
  [No playbook for Four-Color — trying stub deck]
  A: Legacy Humans (60 cards, APL: Legacy Humans)
  B: Four-Color (60 cards, APL: Four-Color)
  Result: Legacy Humans wins 97.3%  (292/300)  avg T9.4

Legacy Humans vs Jeskai Control (300 games)...
  [29 cards loaded from local DB — no network calls]
  Loaded: 60 main | 15 sideboard
  ✓ Tac guide: Boros Energy Modern
  ✓ Tac guide: Dashboard
  ✓ Tac guide: Dashboard
  ✓ Tac guide: Izzet Prowess - Standard
  ✓ Tac guide: Dashboard
  ✓ Tac guide: Legacy Humans
  [27 cards loaded from local DB — no network calls]
  Loaded: 74 main | 0 sideboard
  A: Legacy Humans (60 cards, APL: Legacy Humans)
  B: Jeskai Control (74 cards, APL: JeskaiControl)
  Result: Legacy Humans wins 98.7%  (296/300)  avg T8.7

Legacy Humans vs Mono Red Aggro (300 games)...
  [29 cards loaded from local DB — no network calls]
  Loaded: 60 main | 15 sideboard
  ✓ Tac guide: Boros Energy Modern
  ✓ Tac guide: Dashboard
  ✓ Tac guide: Dashboard
  ✓ Tac guide: Izzet Prowess - Standard
  ✓ Tac guide: Dashboard
  ✓ Tac guide: Legacy Humans
  [No playbook for Mono Red Aggro — trying stub deck]
  A: Legacy Humans (60 cards, APL: Legacy Humans)
  B: Mono Red Aggro (52 cards, APL: Mono Red Aggro)
  Result: Legacy Humans wins 44.3%  (133/300)  avg T13.0

Legacy Humans vs Mono Red Prison (300 games)...
  [29 cards loaded from local DB — no network calls]
  Loaded: 60 main | 15 sideboard
  ✓ Tac guide: Boros Energy Modern
  ✓ Tac guide: Dashboard
  ✓ Tac guide: Dashboard
  ✓ Tac guide: Izzet Prowess - Standard
  ✓ Tac guide: Dashboard
  ✓ Tac guide: Legacy Humans
  [No playbook for Mono Red Prison — trying stub deck]
  A: Legacy Humans (60 cards, APL: Legacy Humans)
  B: Mono Red Prison (52 cards, APL: Mono Red Prison)
  Result: Legacy Humans wins 81.3%  (244/300)  avg T11.4

Saved 15 matchup results to data/sim_matchup_data.json

============================================================
Both-sides sim results: Legacy Humans vs LEGACY field
============================================================
  Opponent                         Win%   AvgT
  ---------------------------------------------
  Cephalid Breakfast             100.0%  T9.6
  Bant Nadu                      100.0%  T9.6
  Dimir Reanimator                99.7%  T8.5
  Sneak And Show                  99.0%  T8.4
  Lotus Combo                     98.7%  T10.3
  Jeskai Control                  98.7%  T8.7
  Four-Color                      97.3%  T9.4
  Doomsday                        95.7%  T11.0
  Izzet Delver                    90.3%  T11.0
  Dimir Tempo                     87.0%  T10.9
  Mono Red Painter                86.7%  T11.6
  Mono Red Prison                 81.3%  T11.4
  Death And Taxes                 75.0%  T12.8
  Mono Red Aggro                  44.3%  T13.0
  Eldrazi Stompy                  33.0%  T10.6

  Field-weighted win%: 89.0%
Matrix saved: data/sim_matchup_matrix.json
